version: (200506)

available memory: 64M bytes
used memory: 81920 bytes [need 80K bytes if disable swap]

used block: 3 [memory(3) file(0)]
                 [ 8K(2) 64K(1) { total 80K bytes } ]
overhead: (9514) bytes for (3) blocks [Average: (3171) bytes/block]

write  => 0(times) 0K(bytes) [0K bytes to file]
read   => 1(times) 6K(bytes) [1K bytes compressed data from file]
access => 58064(times) 457M(bytes)
          [hit ratio: 99.9983%]

time: write(0) read(0)  unit: second

swap file directory: (/home/intern/CDC-VP/intern_dv/fifo/sim/verdiLog)
used swap file number: (1)



swap file manager:
arrSize: (256)
idxCnt: (4)
closeHead: (1)
closeTail: (2)
openCnt: (2)
fid(3): fd(0) fileName(/home/intern/CDC-VP/intern_dv/fifo/sim/simv.daidir/kdb.elab++/work.lib++/trans_fifo.sv.tdc)
	size(861) lastModTime(1785487028) curModTime(1785487028)
	mode(rb)	hot(0) cool(0) pos(0)
fid(2): fd(22) fileName(/home/intern/CDC-VP/intern_dv/fifo/sim/verdiLog/_swap_0001#336012228#3971272)
	size(0) lastModTime(0) curModTime(1785487165)
	mode(w+b)	hot(0) cool(1) pos(0)
fid(1): fd(1073741824) fileName(/home/intern/CDC-VP/intern_dv/fifo/sim/simv.daidir/kdb.elab++/work.lib++/tb_top_fifo.sv.tdc)
	size(2668) lastModTime(1785487028) curModTime(1785487028)
	mode(rb)	hot(2) cool(0) pos(0)
fid(0): fd(0) fileName(NULL)
	mode(NULL)	hot(0) cool(0) pos(0)
==================================================
mySelf(0x1fa94520) pre(0x214f1b40) next((nil))
version(200506)
date(May 31 2025 20:21:53)
